SGIS 인증 완료
시군구 252개 조회
  [50/252] 누적 782행
  [100/252] 누적 1,524행
  [150/252] 누적 2,132행
  [200/252] 누적 2,834행
  [250/252] 누적 3,516행
  pop_young  3,552개 동
  pop_work   3,554개 동
  pop_old    3,554개 동
  old_house30    3,465개 동 (오류 0개 시군구)
  old_per_health 3,553개 동 (오류 0개 시군구)

저장 C:\for_sgis\data\grid_data\derived\sgis_dong_vulnerability.parquet  3,559개 행정동 (조회 실패 0개)

결측률
  tot_ppltn            0.1%
  avg_age              0.0%
  oldage_suprt_per     0.0%
  aged_child_idx       0.0%
  ppltn_dnsty          0.0%
  corp_cnt             0.1%
  employee_cnt         0.1%
  tot_family           0.1%
  tot_house            0.2%
  old_house30          2.6%
  old_per_health       0.2%
  pop_young            0.2%
  pop_work             0.1%
  pop_old              0.1%

연령대 합 vs 총인구 — 완전일치 99.8%, 최대 2명
전국 고령비율 18.6%

고령 취약 상위 10개 행정동
adm_nm  tot_ppltn  pop_old  old_ratio  avg_age
   근북면       90.0     57.0   0.633333     66.8
   남후면     1835.0   1102.0   0.600545     65.8
   개포면     1452.0    873.0   0.601240     66.0
   궁류면     1027.0    614.0   0.597858     67.2
   문산면     1146.0    667.0   0.582024     64.2
   창수면     1475.0    866.0   0.587119     65.2
   두원면     2686.0   1540.0   0.573343     64.1
   양화면     1547.0    883.0   0.570782     63.7
   화양면     2079.0   1186.0   0.570467     64.1
   점곡면     1531.0    868.0   0.566950     63.9
